// Jest Snapshot v1, https://goo.gl/fbAQLP

exports[`Component: SelectionListBottomSheet Should render a SelectionListBottomSheet 1`] = `
<View
  pointerEvents="box-none"
  style={
    Object {
      "flex": 1,
    }
  }
>
  <View
    collapsable={true}
    pointerEvents="box-none"
    style={
      Object {
        "flex": 1,
      }
    }
  >
    <Modal
      animationType="none"
      hardwareAccelerated={false}
      supportedOrientations={
        Array [
          "portrait",
          "portrait-upside-down",
          "landscape",
          "landscape-left",
          "landscape-right",
        ]
      }
      transparent={true}
      visible={false}
    >
      <View
        style={
          Array [
            Array [
              Object {
                "backgroundColor": "#00000077",
                "flex": 1,
              },
              undefined,
            ],
            Object {
              "paddingBottom": 0,
            },
          ]
        }
      >
        <TouchableOpacity
          activeOpacity={1}
          style={
            Object {
              "backgroundColor": "transparent",
              "flex": 1,
            }
          }
        />
        <View
          style={
            Object {
              "backgroundColor": "#fff",
              "borderTopLeftRadius": 20,
              "borderTopRightRadius": 20,
              "height": 0,
              "overflow": "hidden",
              "transform": Array [
                Object {
                  "translateX": 0,
                },
                Object {
                  "translateY": 0,
                },
              ],
              "width": "100%",
            }
          }
        >
          <SafeAreaView
            style={
              Object {
                "flex": 1,
              }
            }
          >
            <View
              accessibilityLabel="view-"
              accessible={true}
              style={
                Array [
                  Object {
                    "backgroundColor": "#FFFFFF",
                    "shadowColor": "rgba(0, 0, 0, 0.12)",
                    "shadowOffset": Object {
                      "height": 1,
                      "width": 0,
                    },
                    "shadowRadius": 5,
                  },
                  Object {
                    "shadowOpacity": 0,
                  },
                  Array [
                    Object {
                      "overflow": "visible",
                      "zIndex": 2,
                    },
                    Object {
                      "shadowOpacity": 0,
                    },
                  ],
                ]
              }
              testID="view-"
            >
              <View
                style={
                  Object {
                    "alignItems": "center",
                    "flexDirection": "row",
                    "paddingHorizontal": 16,
                    "paddingTop": 12,
                  }
                }
              >
                <View
                  style={
                    Object {
                      "flex": 1,
                    }
                  }
                >
                  <Text
                    accessibilityLabel="txt-"
                    accessible={true}
                    style={
                      Array [
                        Object {
                          "color": "#000000",
                          "fontFamily": "System",
                          "fontWeight": "400",
                          "textAlign": "left",
                        },
                        Array [
                          Object {
                            "color": "#000000",
                            "fontSize": 12,
                          },
                          undefined,
                          undefined,
                          undefined,
                          undefined,
                          Object {
                            "fontFamily": "OpenSans",
                            "fontSize": 16,
                            "lineHeight": 19,
                          },
                          undefined,
                          undefined,
                          undefined,
                          undefined,
                          false,
                          undefined,
                          undefined,
                          false,
                          false,
                          undefined,
                          undefined,
                          undefined,
                          undefined,
                          undefined,
                          undefined,
                          undefined,
                          undefined,
                          false,
                          undefined,
                          undefined,
                          undefined,
                          undefined,
                          undefined,
                          undefined,
                          undefined,
                        ],
                      ]
                    }
                    testID="txt-"
                  >
                    
                  </Text>
                </View>
                <TouchableOpacity
                  accessibilityLabel="btn-close-button"
                  accessible={true}
                  activeOpacity={0.2}
                  style={
                    Object {
                      "alignItems": "flex-end",
                      "height": 44,
                      "justifyContent": "center",
                      "marginRight": 0,
                      "width": 44,
                    }
                  }
                  testID="btn-close-button"
                >
                  <Text
                    allowFontScaling={false}
                    style={
                      Array [
                        Object {
                          "color": undefined,
                          "fontSize": 24,
                        },
                        undefined,
                        Object {
                          "fontFamily": "Material Icons",
                          "fontStyle": "normal",
                          "fontWeight": "normal",
                        },
                        Object {},
                      ]
                    }
                  >
                    Óóç
                  </Text>
                </TouchableOpacity>
              </View>
            </View>
            <View
              style={
                Object {
                  "flex": 1,
                  "paddingHorizontal": 16,
                }
              }
            >
              <ScrollView
                data={
                  Array [
                    "a",
                    "b",
                    "c",
                  ]
                }
                disableVirtualization={false}
                horizontal={false}
                initialNumToRender={10}
                maxToRenderPerBatch={10}
                numColumns={1}
                onEndReachedThreshold={2}
                removeClippedSubviews={false}
                scrollEventThrottle={50}
                showsVerticalScrollIndicator={false}
                stickyHeaderIndices={Array []}
                updateCellsBatchingPeriod={50}
                viewabilityConfigCallbackPairs={Array []}
                windowSize={21}
              >
                <View
                  style={null}
                >
                  <TouchableOpacity
                    activeOpacity={0.2}
                    style={
                      Object {
                        "padding": 2,
                      }
                    }
                  >
                    <View>
                      <Text>
                        a
                      </Text>
                    </View>
                  </TouchableOpacity>
                </View>
                <View
                  style={null}
                >
                  <TouchableOpacity
                    activeOpacity={0.2}
                    style={
                      Object {
                        "padding": 2,
                      }
                    }
                  >
                    <View>
                      <Text>
                        b
                      </Text>
                    </View>
                  </TouchableOpacity>
                </View>
                <View
                  style={null}
                >
                  <TouchableOpacity
                    activeOpacity={0.2}
                    style={
                      Object {
                        "padding": 2,
                      }
                    }
                  >
                    <View>
                      <Text>
                        c
                      </Text>
                    </View>
                  </TouchableOpacity>
                </View>
              </ScrollView>
            </View>
          </SafeAreaView>
        </View>
      </View>
    </Modal>
  </View>
</View>
`;

exports[`Component: SelectionListBottomSheet Should render a SelectionListBottomSheet with height set 1`] = `
<View
  pointerEvents="box-none"
  style={
    Object {
      "flex": 1,
    }
  }
>
  <View
    collapsable={true}
    pointerEvents="box-none"
    style={
      Object {
        "flex": 1,
      }
    }
  >
    <Modal
      animationType="none"
      hardwareAccelerated={false}
      supportedOrientations={
        Array [
          "portrait",
          "portrait-upside-down",
          "landscape",
          "landscape-left",
          "landscape-right",
        ]
      }
      transparent={true}
      visible={false}
    >
      <View
        style={
          Array [
            Array [
              Object {
                "backgroundColor": "#00000077",
                "flex": 1,
              },
              undefined,
            ],
            Object {
              "paddingBottom": 0,
            },
          ]
        }
      >
        <TouchableOpacity
          activeOpacity={1}
          style={
            Object {
              "backgroundColor": "transparent",
              "flex": 1,
            }
          }
        />
        <View
          style={
            Object {
              "backgroundColor": "#fff",
              "borderTopLeftRadius": 20,
              "borderTopRightRadius": 20,
              "height": 0,
              "overflow": "hidden",
              "transform": Array [
                Object {
                  "translateX": 0,
                },
                Object {
                  "translateY": 0,
                },
              ],
              "width": "100%",
            }
          }
        >
          <SafeAreaView
            style={
              Object {
                "flex": 1,
              }
            }
          >
            <View
              accessibilityLabel="view-"
              accessible={true}
              style={
                Array [
                  Object {
                    "backgroundColor": "#FFFFFF",
                    "shadowColor": "rgba(0, 0, 0, 0.12)",
                    "shadowOffset": Object {
                      "height": 1,
                      "width": 0,
                    },
                    "shadowRadius": 5,
                  },
                  Object {
                    "shadowOpacity": 0,
                  },
                  Array [
                    Object {
                      "overflow": "visible",
                      "zIndex": 2,
                    },
                    Object {
                      "shadowOpacity": 0,
                    },
                  ],
                ]
              }
              testID="view-"
            >
              <View
                style={
                  Object {
                    "alignItems": "center",
                    "flexDirection": "row",
                    "paddingHorizontal": 16,
                    "paddingTop": 12,
                  }
                }
              >
                <View
                  style={
                    Object {
                      "flex": 1,
                    }
                  }
                >
                  <Text
                    accessibilityLabel="txt-"
                    accessible={true}
                    style={
                      Array [
                        Object {
                          "color": "#000000",
                          "fontFamily": "System",
                          "fontWeight": "400",
                          "textAlign": "left",
                        },
                        Array [
                          Object {
                            "color": "#000000",
                            "fontSize": 12,
                          },
                          undefined,
                          undefined,
                          undefined,
                          undefined,
                          Object {
                            "fontFamily": "OpenSans",
                            "fontSize": 16,
                            "lineHeight": 19,
                          },
                          undefined,
                          undefined,
                          undefined,
                          undefined,
                          false,
                          undefined,
                          undefined,
                          false,
                          false,
                          undefined,
                          undefined,
                          undefined,
                          undefined,
                          undefined,
                          undefined,
                          undefined,
                          undefined,
                          false,
                          undefined,
                          undefined,
                          undefined,
                          undefined,
                          undefined,
                          undefined,
                          undefined,
                        ],
                      ]
                    }
                    testID="txt-"
                  >
                    
                  </Text>
                </View>
                <TouchableOpacity
                  accessibilityLabel="btn-close-button"
                  accessible={true}
                  activeOpacity={0.2}
                  style={
                    Object {
                      "alignItems": "flex-end",
                      "height": 44,
                      "justifyContent": "center",
                      "marginRight": 0,
                      "width": 44,
                    }
                  }
                  testID="btn-close-button"
                >
                  <Text
                    allowFontScaling={false}
                    style={
                      Array [
                        Object {
                          "color": undefined,
                          "fontSize": 24,
                        },
                        undefined,
                        Object {
                          "fontFamily": "Material Icons",
                          "fontStyle": "normal",
                          "fontWeight": "normal",
                        },
                        Object {},
                      ]
                    }
                  >
                    Óóç
                  </Text>
                </TouchableOpacity>
              </View>
            </View>
            <View
              style={
                Object {
                  "flex": 1,
                  "paddingHorizontal": 16,
                }
              }
            >
              <ScrollView
                data={
                  Array [
                    "a",
                    "b",
                    "c",
                  ]
                }
                disableVirtualization={false}
                horizontal={false}
                initialNumToRender={10}
                maxToRenderPerBatch={10}
                numColumns={1}
                onEndReachedThreshold={2}
                removeClippedSubviews={false}
                scrollEventThrottle={50}
                showsVerticalScrollIndicator={false}
                stickyHeaderIndices={Array []}
                updateCellsBatchingPeriod={50}
                viewabilityConfigCallbackPairs={Array []}
                windowSize={21}
              >
                <View
                  style={null}
                >
                  <TouchableOpacity
                    activeOpacity={0.2}
                    style={
                      Object {
                        "padding": 2,
                      }
                    }
                  >
                    <View>
                      <Text>
                        a
                      </Text>
                    </View>
                  </TouchableOpacity>
                </View>
                <View
                  style={null}
                >
                  <TouchableOpacity
                    activeOpacity={0.2}
                    style={
                      Object {
                        "padding": 2,
                      }
                    }
                  >
                    <View>
                      <Text>
                        b
                      </Text>
                    </View>
                  </TouchableOpacity>
                </View>
                <View
                  style={null}
                >
                  <TouchableOpacity
                    activeOpacity={0.2}
                    style={
                      Object {
                        "padding": 2,
                      }
                    }
                  >
                    <View>
                      <Text>
                        c
                      </Text>
                    </View>
                  </TouchableOpacity>
                </View>
              </ScrollView>
            </View>
          </SafeAreaView>
        </View>
      </View>
    </Modal>
  </View>
</View>
`;
