// Jest Snapshot v1, https://goo.gl/fbAQLP

exports[`Component: AppIcon Should render a <AppIcon> 1`] = `
<View
  pointerEvents="box-none"
  style={
    Object {
      "flex": 1,
    }
  }
>
  <View
    collapsable={true}
    pointerEvents="box-none"
    style={
      Object {
        "flex": 1,
      }
    }
  >
    <Text
      allowFontScaling={false}
      style={
        Array [
          Object {
            "color": "red",
            "fontSize": 20,
          },
          undefined,
          Object {
            "fontFamily": "mdaid-icon",
            "fontStyle": "normal",
            "fontWeight": "normal",
          },
          Object {},
        ]
      }
    >
      Ó§ç
    </Text>
  </View>
</View>
`;
