// Jest Snapshot v1, https://goo.gl/fbAQLP

exports[`Component: Button Should render a default Button 1`] = `
<View
  pointerEvents="box-none"
  style={
    Object {
      "flex": 1,
    }
  }
>
  <View
    collapsable={true}
    pointerEvents="box-none"
    style={
      Object {
        "flex": 1,
      }
    }
  >
    <View
      accessible={true}
      style={
        Object {
          "backgroundColor": "#38647F",
          "borderColor": "transparent",
          "borderRadius": 4,
          "borderStyle": "solid",
          "borderWidth": 0,
          "elevation": 2,
          "minWidth": 64,
          "shadowColor": "#000000",
          "shadowOffset": Object {
            "height": 0.75,
            "width": 0,
          },
          "shadowOpacity": 0.24,
          "shadowRadius": 1.5,
        }
      }
      testID="btn-test-button"
    >
      <TouchableHighlight
        accessibilityComponentType="button"
        accessibilityLabel="btn-test-button"
        accessibilityRole="button"
        accessibilityStates={Array []}
        accessibilityTraits="button"
        activeOpacity={0.85}
        delayPressIn={0}
        delayPressOut={100}
        disabled={false}
        style={
          Array [
            Object {
              "overflow": "hidden",
            },
            Object {
              "borderRadius": 4,
            },
          ]
        }
        underlayColor="rgba(255, 255, 255, 0.16)"
      >
        <View
          style={
            Array [
              Object {
                "alignItems": "center",
                "flexDirection": "row",
                "justifyContent": "center",
              },
              undefined,
            ]
          }
        >
          <Text
            numberOfLines={1}
            style={
              Array [
                Object {
                  "color": "#000000",
                  "fontFamily": "System",
                  "fontWeight": "400",
                  "textAlign": "left",
                },
                Array [
                  Object {
                    "letterSpacing": 1,
                    "marginHorizontal": 16,
                    "marginVertical": 9,
                    "textAlign": "center",
                  },
                  undefined,
                  false,
                  Object {
                    "color": "#ffffff",
                    "fontFamily": "System",
                    "fontWeight": "500",
                  },
                  Object {
                    "fontFamily": "System",
                    "fontWeight": "500",
                  },
                  Array [
                    Object {
                      "alignItems": "center",
                      "display": "flex",
                      "fontFamily": "OpenSans",
                      "fontSize": 14,
                      "fontStyle": "normal",
                      "fontWeight": "normal",
                      "letterSpacing": 0.25,
                      "lineHeight": 19,
                      "marginBottom": 12,
                      "marginTop": 12,
                      "textAlign": "center",
                      "textTransform": "capitalize",
                    },
                    Object {
                      "color": "#FFFFFF",
                    },
                  ],
                ],
              ]
            }
          >
            Test Button
          </Text>
        </View>
      </TouchableHighlight>
    </View>
  </View>
</View>
`;
